exports[`<RecentTracks> component should render as expected 1`] = `
<section
  className="RecentTracks" />
`;
