exports[`<TopArtists> component should render as expected 1`] = `<styled.section />`;
